// Jest Snapshot v1, https://goo.gl/fbAQLP

exports[`Page renders correctly 1`] = `
<div
  className="sc-AxjAm lcHhHg"
>
  <div
    className="sc-AxirZ fpEbtS"
  >
    <h1
      className="sc-AxiKw gCCtAg"
    >
      test
    </h1>
    <div
      className="sc-AxhCb jKCdpE"
    >
      test
    </div>
  </div>
</div>
`;
