// Jest Snapshot v1, https://goo.gl/fbAQLP

exports[`Menu renders correctly 1`] = `
<nav
  className="sc-AxjAm jsZtex"
>
  <ul
    className="sc-AxirZ jsodwD"
  >
    <li
      className="sc-AxiKw fOyClS"
    >
      <a
        className="sc-AxhUy jXruOG"
        href="/#0/"
      >
        Item 0
      </a>
    </li>
    <li
      className="sc-AxiKw fOyClS"
    >
      <a
        className="sc-AxhUy jXruOG"
        href="/#1/"
      >
        Item 1
      </a>
    </li>
  </ul>
</nav>
`;
