// Jest Snapshot v1, https://goo.gl/fbAQLP

exports[`Author renders correctly 1`] = `
<div>
  <a
    href="/"
  >
    <img
      alt="test"
      className="sc-AxjAm jmjnph"
      height="75"
      src="/photo.jpeg"
      width="75"
    />
  </a>
  <h2
    className="sc-AxiKw ewVnCq"
  >
    <a
      className="sc-AxirZ cvZzWo"
      href="/"
    >
      test
    </a>
  </h2>
  <p
    className="sc-AxhUy dCfmEK"
  >
    test
  </p>
</div>
`;
