// Jest Snapshot v1, https://goo.gl/fbAQLP

exports[`Post renders correctly 1`] = `
<div>
  <a
    className="sc-fzplWN bDGJkX"
    href="/"
  >
    All Articles
  </a>
  <div>
    <div
      className="sc-AxiKw gcwQvO"
    >
      <h1
        className="sc-AxhCb dwCsaS"
      >
        test
      </h1>
      <div
        className="sc-AxhUy eoQtdv"
        dangerouslySetInnerHTML={
          Object {
            "__html": "<p>test</p>",
          }
        }
      />
    </div>
  </div>
  <div
    className="sc-fzoLsD beBCOR"
  >
    <div>
      <p
        className="sc-AxgMl hlmNXO"
      >
        Published 
        1 Sep 2016
      </p>
    </div>
    <div
      className="sc-AxheI icmSOO"
    >
      <ul
        className="sc-Axmtr fxZEnh"
      >
        <li
          className="sc-AxmLO hoepre"
        >
          <a
            className="sc-fzozJi hJwiIW"
            href="/test_0"
          >
            test_0
          </a>
        </li>
        <li
          className="sc-AxmLO hoepre"
        >
          <a
            className="sc-fzozJi hJwiIW"
            href="/test_1"
          >
            test_1
          </a>
        </li>
      </ul>
    </div>
    <div
      className="sc-AxjAm fPmySw"
    >
      <p>
        Test bio
        <a
          className="sc-AxirZ fSOCfz"
          href="https://www.twitter.com/#"
          rel="noopener noreferrer"
          target="_blank"
        >
          <strong>
            Test name
          </strong>
           on Twitter
        </a>
      </p>
    </div>
  </div>
  <div
    className="sc-fzpans izjeTV"
  />
</div>
`;
