// Jest Snapshot v1, https://goo.gl/fbAQLP

exports[`Feed renders correctly 1`] = `
<div>
  <div
    className="sc-AxjAm ipQmgh"
  >
    <div>
      <time
        className="sc-Axmtr cZmEry"
        dateTime="September 1, 2016"
      >
        September 2016
      </time>
      <span
        className="sc-AxheI dpGLOE"
      />
      <span>
        <a
          className="sc-AxgMl iJSCeL"
          href="/test_0"
        >
          test_0 
        </a>
      </span>
    </div>
    <h2
      className="sc-AxirZ bRbYIV"
    >
      <a
        className="sc-AxiKw eNsVjv"
        href="/test_0"
      >
        test_0
      </a>
    </h2>
    <div
      className="sc-AxhCb hoMkrG"
    >
      test_0
    </div>
    <a
      className="sc-AxhUy fpOGFm"
      href="/test_0"
    >
      1 Min Read
    </a>
  </div>
  <div
    className="sc-AxjAm ipQmgh"
  >
    <div>
      <time
        className="sc-Axmtr cZmEry"
        dateTime="September 1, 2016"
      >
        September 2016
      </time>
      <span
        className="sc-AxheI dpGLOE"
      />
      <span>
        <a
          className="sc-AxgMl iJSCeL"
          href="/test_1"
        >
          test_1 
        </a>
      </span>
    </div>
    <h2
      className="sc-AxirZ bRbYIV"
    >
      <a
        className="sc-AxiKw eNsVjv"
        href="/test_1"
      >
        test_1
      </a>
    </h2>
    <div
      className="sc-AxhCb hoMkrG"
    >
      test_1
    </div>
    <a
      className="sc-AxhUy fpOGFm"
      href="/test_1"
    >
      1 Min Read
    </a>
  </div>
</div>
`;
