// Jest Snapshot v1, https://goo.gl/fbAQLP

exports[`Tags renders correctly 1`] = `
<div
  className="sc-AxjAm jjusOk"
>
  <ul
    className="sc-AxirZ fVbfkj"
  >
    <li
      className="sc-AxiKw eqNqKJ"
    >
      <a
        className="sc-AxhCb eNEMsA"
        href="/test_0"
      >
        test_0
      </a>
    </li>
    <li
      className="sc-AxiKw eqNqKJ"
    >
      <a
        className="sc-AxhCb eNEMsA"
        href="/test_1"
      >
        test_1
      </a>
    </li>
  </ul>
</div>
`;
